// Jest Snapshot v1, https://goo.gl/fbAQLP

exports[`NavBar Component render 1`] = `
ShallowWrapper {
  "complexSelector": ComplexSelector {
    "buildPredicate": [Function],
    "childrenOfNode": [Function],
    "findWhereUnwrapped": [Function],
  },
  "length": 1,
  "node": <div>
    <div
        className="placeholder"
    />
    <div
        className="navContainer"
    >
        <NavLink
            activeClassName="activeLink"
            className="link"
            exact={true}
            to="/"
        >
            Home
        </NavLink>
        <NavLink
            activeClassName="activeLink"
            className="link"
            to="/Configurations"
        >
            Configuration List
        </NavLink>
        <NavLink
            activeClassName="activeLink"
            className="link"
            to="/Evaluations"
        >
            Evaluation List
        </NavLink>
    </div>
</div>,
  "nodes": Array [
    <div>
      <div
            className="placeholder"
      />
      <div
            className="navContainer"
      >
            <NavLink
                  activeClassName="activeLink"
                  className="link"
                  exact={true}
                  to="/"
            >
                  Home
            </NavLink>
            <NavLink
                  activeClassName="activeLink"
                  className="link"
                  to="/Configurations"
            >
                  Configuration List
            </NavLink>
            <NavLink
                  activeClassName="activeLink"
                  className="link"
                  to="/Evaluations"
            >
                  Evaluation List
            </NavLink>
      </div>
</div>,
  ],
  "options": Object {},
  "renderer": ReactShallowRenderer {
    "_instance": ShallowComponentWrapper {
      "_calledComponentWillUnmount": false,
      "_compositeType": 0,
      "_context": Object {},
      "_currentElement": <NavBar />,
      "_debugID": 1,
      "_hostContainerInfo": null,
      "_hostParent": null,
      "_instance": NavBar {
        "_reactInternalInstance": [Circular],
        "context": Object {},
        "props": Object {},
        "refs": Object {},
        "state": null,
        "updater": Object {
          "enqueueCallback": [Function],
          "enqueueCallbackInternal": [Function],
          "enqueueElementInternal": [Function],
          "enqueueForceUpdate": [Function],
          "enqueueReplaceState": [Function],
          "enqueueSetState": [Function],
          "isMounted": [Function],
          "validateCallback": [Function],
        },
      },
      "_mountOrder": 1,
      "_pendingCallbacks": null,
      "_pendingElement": null,
      "_pendingForceUpdate": false,
      "_pendingReplaceState": false,
      "_pendingStateQueue": null,
      "_renderedComponent": NoopInternalComponent {
        "_currentElement": <div>
          <div
                    className="placeholder"
          />
          <div
                    className="navContainer"
          >
                    <NavLink
                              activeClassName="activeLink"
                              className="link"
                              exact={true}
                              to="/"
                    >
                              Home
                    </NavLink>
                    <NavLink
                              activeClassName="activeLink"
                              className="link"
                              to="/Configurations"
                    >
                              Configuration List
                    </NavLink>
                    <NavLink
                              activeClassName="activeLink"
                              className="link"
                              to="/Evaluations"
                    >
                              Evaluation List
                    </NavLink>
          </div>
</div>,
        "_debugID": 2,
        "_renderedOutput": <div>
          <div
                    className="placeholder"
          />
          <div
                    className="navContainer"
          >
                    <NavLink
                              activeClassName="activeLink"
                              className="link"
                              exact={true}
                              to="/"
                    >
                              Home
                    </NavLink>
                    <NavLink
                              activeClassName="activeLink"
                              className="link"
                              to="/Configurations"
                    >
                              Configuration List
                    </NavLink>
                    <NavLink
                              activeClassName="activeLink"
                              className="link"
                              to="/Evaluations"
                    >
                              Evaluation List
                    </NavLink>
          </div>
</div>,
      },
      "_renderedNodeType": 0,
      "_rootNodeID": 0,
      "_topLevelWrapper": null,
      "_updateBatchNumber": null,
      "_warnedAboutRefsInRender": false,
    },
    "getRenderOutput": [Function],
    "render": [Function],
  },
  "root": [Circular],
  "unrendered": <NavBar />,
}
`;
